This is dLaTeX version 0.1
{"messages": [], "error": false}
